// Jest Snapshot v1, https://goo.gl/fbAQLP

exports[`CardHolder test renders without crashing 1`] = `<CardHolder />`;
