// Jest Snapshot v1, https://goo.gl/fbAQLP

exports[`Card renders without crashing 1`] = `<Card />`;

exports[`renders without crashing 1`] = `<Card />`;
